[32m[Nest] 28936  - [39m21/06/2026, 1:03:08 am [32m    LOG[39m [38;5;3m[NestFactory] [39m[32mStarting Nest application...[39m
[32m[Nest] 28936  - [39m21/06/2026, 1:03:08 am [32m    LOG[39m [38;5;3m[InstanceLoader] [39m[32mAppModule dependencies initialized[39m[38;5;3m +19ms[39m
[32m[Nest] 28936  - [39m21/06/2026, 1:03:08 am [32m    LOG[39m [38;5;3m[InstanceLoader] [39m[32mPrismaModule dependencies initialized[39m[38;5;3m +3ms[39m
[32m[Nest] 28936  - [39m21/06/2026, 1:03:08 am [32m    LOG[39m [38;5;3m[InstanceLoader] [39m[32mPassportModule dependencies initialized[39m[38;5;3m +0ms[39m
[32m[Nest] 28936  - [39m21/06/2026, 1:03:08 am [32m    LOG[39m [38;5;3m[InstanceLoader] [39m[32mJwtModule dependencies initialized[39m[38;5;3m +2ms[39m
[32m[Nest] 28936  - [39m21/06/2026, 1:03:08 am [32m    LOG[39m [38;5;3m[InstanceLoader] [39m[32mWidgetModule dependencies initialized[39m[38;5;3m +1ms[39m
[32m[Nest] 28936  - [39m21/06/2026, 1:03:08 am [32m    LOG[39m [38;5;3m[InstanceLoader] [39m[32mAuthModule dependencies initialized[39m[38;5;3m +1ms[39m
[32m[Nest] 28936  - [39m21/06/2026, 1:03:08 am [32m    LOG[39m [38;5;3m[InstanceLoader] [39m[32mCampaignsModule dependencies initialized[39m[38;5;3m +0ms[39m
[32m[Nest] 28936  - [39m21/06/2026, 1:03:08 am [32m    LOG[39m [38;5;3m[InstanceLoader] [39m[32mCustomersModule dependencies initialized[39m[38;5;3m +0ms[39m
[32m[Nest] 28936  - [39m21/06/2026, 1:03:08 am [32m    LOG[39m [38;5;3m[InstanceLoader] [39m[32mReferralsModule dependencies initialized[39m[38;5;3m +0ms[39m
[32m[Nest] 28936  - [39m21/06/2026, 1:03:08 am [32m    LOG[39m [38;5;3m[InstanceLoader] [39m[32mRewardsModule dependencies initialized[39m[38;5;3m +0ms[39m
[32m[Nest] 28936  - [39m21/06/2026, 1:03:08 am [32m    LOG[39m [38;5;3m[InstanceLoader] [39m[32mDashboardModule dependencies initialized[39m[38;5;3m +0ms[39m
[32m[Nest] 28936  - [39m21/06/2026, 1:03:08 am [32m    LOG[39m [38;5;3m[InstanceLoader] [39m[32mReferralLinksModule dependencies initialized[39m[38;5;3m +0ms[39m
[32m[Nest] 28936  - [39m21/06/2026, 1:03:08 am [32m    LOG[39m [38;5;3m[RoutesResolver] [39m[32mAuthController {/api/auth}:[39m[38;5;3m +20ms[39m
[32m[Nest] 28936  - [39m21/06/2026, 1:03:08 am [32m    LOG[39m [38;5;3m[RouterExplorer] [39m[32mMapped {/api/auth/register, POST} route[39m[38;5;3m +2ms[39m
[32m[Nest] 28936  - [39m21/06/2026, 1:03:08 am [32m    LOG[39m [38;5;3m[RouterExplorer] [39m[32mMapped {/api/auth/login, POST} route[39m[38;5;3m +0ms[39m
[32m[Nest] 28936  - [39m21/06/2026, 1:03:08 am [32m    LOG[39m [38;5;3m[RouterExplorer] [39m[32mMapped {/api/auth/refresh, POST} route[39m[38;5;3m +1ms[39m
[32m[Nest] 28936  - [39m21/06/2026, 1:03:08 am [32m    LOG[39m [38;5;3m[RoutesResolver] [39m[32mCampaignsController {/api/campaigns}:[39m[38;5;3m +0ms[39m
[32m[Nest] 28936  - [39m21/06/2026, 1:03:08 am [32m    LOG[39m [38;5;3m[RouterExplorer] [39m[32mMapped {/api/campaigns, GET} route[39m[38;5;3m +0ms[39m
[32m[Nest] 28936  - [39m21/06/2026, 1:03:08 am [32m    LOG[39m [38;5;3m[RouterExplorer] [39m[32mMapped {/api/campaigns/:id, GET} route[39m[38;5;3m +3ms[39m
[32m[Nest] 28936  - [39m21/06/2026, 1:03:08 am [32m    LOG[39m [38;5;3m[RouterExplorer] [39m[32mMapped {/api/campaigns, POST} route[39m[38;5;3m +1ms[39m
[32m[Nest] 28936  - [39m21/06/2026, 1:03:08 am [32m    LOG[39m [38;5;3m[RouterExplorer] [39m[32mMapped {/api/campaigns/:id, PATCH} route[39m[38;5;3m +0ms[39m
[32m[Nest] 28936  - [39m21/06/2026, 1:03:08 am [32m    LOG[39m [38;5;3m[RouterExplorer] [39m[32mMapped {/api/campaigns/:id, DELETE} route[39m[38;5;3m +0ms[39m
[32m[Nest] 28936  - [39m21/06/2026, 1:03:08 am [32m    LOG[39m [38;5;3m[RoutesResolver] [39m[32mCustomersController {/api/customers}:[39m[38;5;3m +0ms[39m
[32m[Nest] 28936  - [39m21/06/2026, 1:03:08 am [32m    LOG[39m [38;5;3m[RouterExplorer] [39m[32mMapped {/api/customers, GET} route[39m[38;5;3m +1ms[39m
[32m[Nest] 28936  - [39m21/06/2026, 1:03:08 am [32m    LOG[39m [38;5;3m[RouterExplorer] [39m[32mMapped {/api/customers, POST} route[39m[38;5;3m +0ms[39m
[32m[Nest] 28936  - [39m21/06/2026, 1:03:08 am [32m    LOG[39m [38;5;3m[RoutesResolver] [39m[32mReferralLinksController {/api}:[39m[38;5;3m +0ms[39m
[32m[Nest] 28936  - [39m21/06/2026, 1:03:08 am [32m    LOG[39m [38;5;3m[RouterExplorer] [39m[32mMapped {/api/referral-links, POST} route[39m[38;5;3m +0ms[39m
[32m[Nest] 28936  - [39m21/06/2026, 1:03:08 am [32m    LOG[39m [38;5;3m[RouterExplorer] [39m[32mMapped {/api/referral-links/campaign/:campaignId, GET} route[39m[38;5;3m +1ms[39m
[32m[Nest] 28936  - [39m21/06/2026, 1:03:08 am [32m    LOG[39m [38;5;3m[RouterExplorer] [39m[32mMapped {/api/r/:code, GET} route[39m[38;5;3m +0ms[39m
[32m[Nest] 28936  - [39m21/06/2026, 1:03:08 am [32m    LOG[39m [38;5;3m[RoutesResolver] [39m[32mReferralsController {/api/referrals}:[39m[38;5;3m +0ms[39m
[32m[Nest] 28936  - [39m21/06/2026, 1:03:08 am [32m    LOG[39m [38;5;3m[RouterExplorer] [39m[32mMapped {/api/referrals, GET} route[39m[38;5;3m +0ms[39m
[32m[Nest] 28936  - [39m21/06/2026, 1:03:08 am [32m    LOG[39m [38;5;3m[RouterExplorer] [39m[32mMapped {/api/referrals/convert, POST} route[39m[38;5;3m +0ms[39m
[32m[Nest] 28936  - [39m21/06/2026, 1:03:08 am [32m    LOG[39m [38;5;3m[RoutesResolver] [39m[32mRewardsController {/api/rewards}:[39m[38;5;3m +0ms[39m
[32m[Nest] 28936  - [39m21/06/2026, 1:03:08 am [32m    LOG[39m [38;5;3m[RouterExplorer] [39m[32mMapped {/api/rewards, GET} route[39m[38;5;3m +0ms[39m
[32m[Nest] 28936  - [39m21/06/2026, 1:03:08 am [32m    LOG[39m [38;5;3m[RouterExplorer] [39m[32mMapped {/api/rewards/:id/redeem, POST} route[39m[38;5;3m +0ms[39m
[32m[Nest] 28936  - [39m21/06/2026, 1:03:08 am [32m    LOG[39m [38;5;3m[RoutesResolver] [39m[32mDashboardController {/api/dashboard}:[39m[38;5;3m +1ms[39m
[32m[Nest] 28936  - [39m21/06/2026, 1:03:08 am [32m    LOG[39m [38;5;3m[RouterExplorer] [39m[32mMapped {/api/dashboard/stats, GET} route[39m[38;5;3m +0ms[39m
[32m[Nest] 28936  - [39m21/06/2026, 1:03:08 am [32m    LOG[39m [38;5;3m[RoutesResolver] [39m[32mWidgetController {/api/widget}:[39m[38;5;3m +0ms[39m
[32m[Nest] 28936  - [39m21/06/2026, 1:03:08 am [32m    LOG[39m [38;5;3m[RouterExplorer] [39m[32mMapped {/api/widget/:campaignId/embed.js, GET} route[39m[38;5;3m +0ms[39m
[32m[Nest] 28936  - [39m21/06/2026, 1:03:08 am [32m    LOG[39m [38;5;3m[NestApplication] [39m[32mNest application successfully started[39m[38;5;3m +10ms[39m
[31m[Nest] 28936  - [39m21/06/2026, 1:03:08 am [31m  ERROR[39m [38;5;3m[NestApplication] [39m[31mError: listen EADDRINUSE: address already in use :::4000[39m[38;5;3m +2ms[39m
node:net:1908
    const ex = new UVExceptionWithHostPort(err, 'listen', address, port);
               ^

Error: listen EADDRINUSE: address already in use :::4000
    at Server.setupListenHandle [as _listen2] (node:net:1908:16)
    at listenInCluster (node:net:1965:12)
    at Server.listen (node:net:2067:7)
    at ExpressAdapter.listen (E:\Refferel-Project\backend\node_modules\@nestjs\platform-express\adapters\express-adapter.js:95:32)
    at E:\Refferel-Project\backend\node_modules\@nestjs\core\nest-application.js:183:30
    at new Promise (<anonymous>)
    at NestApplication.listen (E:\Refferel-Project\backend\node_modules\@nestjs\core\nest-application.js:173:16)
    at async bootstrap (E:\Refferel-Project\backend\src\main.ts:26:3) {
  code: 'EADDRINUSE',
  errno: -4091,
  syscall: 'listen',
  address: '::',
  port: 4000
}

Node.js v20.20.0
