[31m[Nest] 9744  - [39m21/06/2026, 1:02:59 am [31m  ERROR[39m [38;5;3m[NestApplication] [39m[31mError: listen EADDRINUSE: address already in use :::4000[39m[38;5;3m +8ms[39m
node:net:1908
    const ex = new UVExceptionWithHostPort(err, 'listen', address, port);
               ^

Error: listen EADDRINUSE: address already in use :::4000
    at Server.setupListenHandle [as _listen2] (node:net:1908:16)
    at listenInCluster (node:net:1965:12)
    at Server.listen (node:net:2067:7)
    at ExpressAdapter.listen (E:\Refferel-Project\backend\node_modules\@nestjs\platform-express\adapters\express-adapter.js:95:32)
    at E:\Refferel-Project\backend\node_modules\@nestjs\core\nest-application.js:183:30
    at new Promise (<anonymous>)
    at NestApplication.listen (E:\Refferel-Project\backend\node_modules\@nestjs\core\nest-application.js:173:16)
    at async bootstrap (E:\Refferel-Project\backend\src\main.ts:26:3) {
  code: 'EADDRINUSE',
  errno: -4091,
  syscall: 'listen',
  address: '::',
  port: 4000
}

Node.js v20.20.0
